// Jest Snapshot v1, https://goo.gl/fbAQLP

exports[`mathes snapshot 1`] = `
<div>
  <div
    class="VictoryContainer"
    style="max-width: 55%; max-height: 55%; height: 100%; width: 100%; user-select: none; pointer-events: none; position: relative;"
  >
    <svg
      height="350"
      role="img"
      style="pointer-events: all; width: 100%; height: auto;"
      viewBox="0 0 350 350"
      width="350"
    >
      <g
        clip-path="url(#victory-clip-4)"
        style="border: 1px solid #ccc; width: 100%; height: 100%;"
      >
        <defs>
          <clippath
            id="victory-clip-4"
          >
            <rect
              height="290"
              vector-effect="non-scaling-stroke"
              width="280"
              x="70"
              y="10"
            />
          </clippath>
        </defs>
        <path
          d="MNaN,300LNaN,300LNaN,300LNaN,300LNaN,300LNaN,300LNaN,300LNaN,300LNaN,300LNaN,300LNaN,300LNaN,300LNaN,300LNaN,300LNaN,300LNaN,300LNaN,300LNaN,300LNaN,300LNaN,300LNaN,300LNaN,300LNaN,300LNaN,300LNaN,300LNaN,300LNaN,300LNaN,300LNaN,300LNaN,300LNaN,300LNaN,300LNaN,300LNaN,300LNaN,300LNaN,300LNaN,300LNaN,300LNaN,300LNaN,300LNaN,300LNaN,300LNaN,300LNaN,300LNaN,203.33333333333334LNaN,203.33333333333334LNaN,300LNaN,300LNaN,300LNaN,300LNaN,300LNaN,300LNaN,300LNaN,300LNaN,300LNaN,300LNaN,300LNaN,300LNaN,300LNaN,300LNaN,300LNaN,300LNaN,300LNaN,300LNaN,300LNaN,300LNaN,300LNaN,300LNaN,300LNaN,300LNaN,300LNaN,300LNaN,300LNaN,300LNaN,300LNaN,300LNaN,300LNaN,300LNaN,300LNaN,300LNaN,300LNaN,300LNaN,300LNaN,300LNaN,300LNaN,300LNaN,300LNaN,300LNaN,300LNaN,300LNaN,300LNaN,300LNaN,300LNaN,300LNaN,300LNaN,300LNaN,300LNaN,300LNaN,300LNaN,300LNaN,300LNaN,10LNaN,300LNaN,300LNaN,300LNaN,300LNaN,300"
          role="presentation"
          shape-rendering="auto"
          style="fill: transparent; stroke: #c43a31; opacity: 1; stroke-width: 2;"
        />
      </g>
      <g
        role="presentation"
      >
        <line
          role="presentation"
          shape-rendering="auto"
          style="stroke: black;"
          vector-effect="non-scaling-stroke"
        />
      </g>
      <g
        role="presentation"
      >
        <line
          role="presentation"
          shape-rendering="auto"
          style="stroke: #90A4AE; fill: transparent; stroke-width: 2; stroke-linecap: round; stroke-linejoin: round;"
          vector-effect="non-scaling-stroke"
          x1="70"
          x2="70"
          y1="10"
          y2="300"
        />
        <text
          direction="inherit"
          dx="0"
          dy="-1.7400000000000002"
          id="chart-axis-2-axisLabel-0"
          transform="rotate(-90,25,155)"
          x="25"
          y="155"
        >
          <tspan
            dx="0"
            style="padding: 45px; text-anchor: middle; font-family: 'Roboto', 'Helvetica Neue', Helvetica, sans-serif; font-size: 12px; letter-spacing: normal; fill: #455A64; stroke: transparent; stroke-width: 0;"
            text-anchor="middle"
            x="25"
          >
            Millimetres
          </tspan>
        </text>
        <g
          role="presentation"
        >
          <line
            role="presentation"
            shape-rendering="auto"
            style="stroke: #ECEFF1; fill: none; stroke-dasharray: 10, 5; stroke-linecap: round; stroke-linejoin: round; pointer-events: painted;"
            vector-effect="non-scaling-stroke"
            x1="70"
            x2="350"
            y1="251.66666666666663"
            y2="251.66666666666663"
          />
          <line
            role="presentation"
            shape-rendering="auto"
            style="stroke: #90A4AE; fill: transparent; size: 5px; stroke-width: 1; stroke-linecap: round; stroke-linejoin: round;"
            vector-effect="non-scaling-stroke"
            x1="70"
            x2="65"
            y1="251.66666666666663"
            y2="251.66666666666663"
          />
          <text
            direction="inherit"
            dx="0"
            dy="4.26"
            id="chart-axis-2-tickLabels-0"
            x="57"
            y="251.66666666666663"
          >
            <tspan
              dx="0"
              style="font-family: 'Roboto', 'Helvetica Neue', Helvetica, sans-serif; font-size: 12px; letter-spacing: normal; padding: 8px; fill: #455A64; stroke: transparent; stroke-width: 0;"
              text-anchor="end"
              x="57"
            >
              0.05
            </tspan>
          </text>
        </g>
        <g
          role="presentation"
        >
          <line
            role="presentation"
            shape-rendering="auto"
            style="stroke: #ECEFF1; fill: none; stroke-dasharray: 10, 5; stroke-linecap: round; stroke-linejoin: round; pointer-events: painted;"
            vector-effect="non-scaling-stroke"
            x1="70"
            x2="350"
            y1="203.33333333333334"
            y2="203.33333333333334"
          />
          <line
            role="presentation"
            shape-rendering="auto"
            style="stroke: #90A4AE; fill: transparent; size: 5px; stroke-width: 1; stroke-linecap: round; stroke-linejoin: round;"
            vector-effect="non-scaling-stroke"
            x1="70"
            x2="65"
            y1="203.33333333333334"
            y2="203.33333333333334"
          />
          <text
            direction="inherit"
            dx="0"
            dy="4.26"
            id="chart-axis-2-tickLabels-1"
            x="57"
            y="203.33333333333334"
          >
            <tspan
              dx="0"
              style="font-family: 'Roboto', 'Helvetica Neue', Helvetica, sans-serif; font-size: 12px; letter-spacing: normal; padding: 8px; fill: #455A64; stroke: transparent; stroke-width: 0;"
              text-anchor="end"
              x="57"
            >
              0.1
            </tspan>
          </text>
        </g>
        <g
          role="presentation"
        >
          <line
            role="presentation"
            shape-rendering="auto"
            style="stroke: #ECEFF1; fill: none; stroke-dasharray: 10, 5; stroke-linecap: round; stroke-linejoin: round; pointer-events: painted;"
            vector-effect="non-scaling-stroke"
            x1="70"
            x2="350"
            y1="155"
            y2="155"
          />
          <line
            role="presentation"
            shape-rendering="auto"
            style="stroke: #90A4AE; fill: transparent; size: 5px; stroke-width: 1; stroke-linecap: round; stroke-linejoin: round;"
            vector-effect="non-scaling-stroke"
            x1="70"
            x2="65"
            y1="155"
            y2="155"
          />
          <text
            direction="inherit"
            dx="0"
            dy="4.26"
            id="chart-axis-2-tickLabels-2"
            x="57"
            y="155"
          >
            <tspan
              dx="0"
              style="font-family: 'Roboto', 'Helvetica Neue', Helvetica, sans-serif; font-size: 12px; letter-spacing: normal; padding: 8px; fill: #455A64; stroke: transparent; stroke-width: 0;"
              text-anchor="end"
              x="57"
            >
              0.15
            </tspan>
          </text>
        </g>
        <g
          role="presentation"
        >
          <line
            role="presentation"
            shape-rendering="auto"
            style="stroke: #ECEFF1; fill: none; stroke-dasharray: 10, 5; stroke-linecap: round; stroke-linejoin: round; pointer-events: painted;"
            vector-effect="non-scaling-stroke"
            x1="70"
            x2="350"
            y1="106.66666666666664"
            y2="106.66666666666664"
          />
          <line
            role="presentation"
            shape-rendering="auto"
            style="stroke: #90A4AE; fill: transparent; size: 5px; stroke-width: 1; stroke-linecap: round; stroke-linejoin: round;"
            vector-effect="non-scaling-stroke"
            x1="70"
            x2="65"
            y1="106.66666666666664"
            y2="106.66666666666664"
          />
          <text
            direction="inherit"
            dx="0"
            dy="4.26"
            id="chart-axis-2-tickLabels-3"
            x="57"
            y="106.66666666666664"
          >
            <tspan
              dx="0"
              style="font-family: 'Roboto', 'Helvetica Neue', Helvetica, sans-serif; font-size: 12px; letter-spacing: normal; padding: 8px; fill: #455A64; stroke: transparent; stroke-width: 0;"
              text-anchor="end"
              x="57"
            >
              0.2
            </tspan>
          </text>
        </g>
        <g
          role="presentation"
        >
          <line
            role="presentation"
            shape-rendering="auto"
            style="stroke: #ECEFF1; fill: none; stroke-dasharray: 10, 5; stroke-linecap: round; stroke-linejoin: round; pointer-events: painted;"
            vector-effect="non-scaling-stroke"
            x1="70"
            x2="350"
            y1="58.33333333333332"
            y2="58.33333333333332"
          />
          <line
            role="presentation"
            shape-rendering="auto"
            style="stroke: #90A4AE; fill: transparent; size: 5px; stroke-width: 1; stroke-linecap: round; stroke-linejoin: round;"
            vector-effect="non-scaling-stroke"
            x1="70"
            x2="65"
            y1="58.33333333333332"
            y2="58.33333333333332"
          />
          <text
            direction="inherit"
            dx="0"
            dy="4.26"
            id="chart-axis-2-tickLabels-4"
            x="57"
            y="58.33333333333332"
          >
            <tspan
              dx="0"
              style="font-family: 'Roboto', 'Helvetica Neue', Helvetica, sans-serif; font-size: 12px; letter-spacing: normal; padding: 8px; fill: #455A64; stroke: transparent; stroke-width: 0;"
              text-anchor="end"
              x="57"
            >
              0.25
            </tspan>
          </text>
        </g>
        <g
          role="presentation"
        >
          <line
            role="presentation"
            shape-rendering="auto"
            style="stroke: #ECEFF1; fill: none; stroke-dasharray: 10, 5; stroke-linecap: round; stroke-linejoin: round; pointer-events: painted;"
            vector-effect="non-scaling-stroke"
            x1="70"
            x2="350"
            y1="10"
            y2="10"
          />
          <line
            role="presentation"
            shape-rendering="auto"
            style="stroke: #90A4AE; fill: transparent; size: 5px; stroke-width: 1; stroke-linecap: round; stroke-linejoin: round;"
            vector-effect="non-scaling-stroke"
            x1="70"
            x2="65"
            y1="10"
            y2="10"
          />
          <text
            direction="inherit"
            dx="0"
            dy="4.26"
            id="chart-axis-2-tickLabels-5"
            x="57"
            y="10"
          >
            <tspan
              dx="0"
              style="font-family: 'Roboto', 'Helvetica Neue', Helvetica, sans-serif; font-size: 12px; letter-spacing: normal; padding: 8px; fill: #455A64; stroke: transparent; stroke-width: 0;"
              text-anchor="end"
              x="57"
            >
              0.3
            </tspan>
          </text>
        </g>
      </g>
    </svg>
    <div
      style="z-index: 99; position: absolute; top: 0px; left: 0px; width: 100%; height: auto;"
    >
      <svg
        height="350"
        style="overflow: visible; width: 100%; height: auto;"
        viewBox="0 0 350 350"
        width="350"
      />
    </div>
  </div>
</div>
`;
