// Jest Snapshot v1, https://goo.gl/fbAQLP

exports[`mathes snapshot 1`] = `
<div>
  <div>
    <button
      data-testid="rf-button"
    >
      Hide
    </button>
    <form
      id="locForm"
    >
      <label>
        Username: 
        <input
          name="un"
          required=""
          type="text"
          value=""
        />
      </label>
      <br />
      <br />
      <label>
        Password: 
        <input
          name="passwd"
          required=""
          type="password"
          value=""
        />
      </label>
      <br />
      <br />
      <div>
        <input
          type="submit"
          value="Remove undefined"
        />
      </div>
    </form>
  </div>
</div>
`;
