// Jest Snapshot v1, https://goo.gl/fbAQLP

exports[`mathes snapshot 1`] = `
<div>
  <div
    data-testid="chart"
    id="chartdiv"
  >
    <div
      data-testid="chart"
      id="singlevar"
    >
      <div
        class="VictoryContainer"
        style="height: 100%; width: 100%; user-select: none; pointer-events: none; position: relative;"
      >
        <svg
          aria-labelledby="victory-container-2-title victory-container-2-desc"
          height="350"
          role="img"
          style="pointer-events: all; width: 100%; height: 100%;"
          viewBox="0 0 350 350"
          width="350"
        >
          <g
            role="presentation"
          >
            <line
              role="presentation"
              shape-rendering="auto"
              style="stroke: #90A4AE; fill: transparent; stroke-width: 2; stroke-linecap: round; stroke-linejoin: round;"
              vector-effect="non-scaling-stroke"
              x1="50"
              x2="300"
              y1="300"
              y2="300"
            />
            <g
              role="presentation"
            >
              <line
                role="presentation"
                shape-rendering="auto"
                style="stroke: #ECEFF1; fill: none; stroke-dasharray: 10, 5; stroke-linecap: round; stroke-linejoin: round; pointer-events: painted;"
                vector-effect="non-scaling-stroke"
                x1="50"
                x2="50"
                y1="300"
                y2="50"
              />
              <line
                role="presentation"
                shape-rendering="auto"
                style="stroke: #90A4AE; fill: transparent; size: 5px; stroke-width: 1; stroke-linecap: round; stroke-linejoin: round;"
                vector-effect="non-scaling-stroke"
                x1="50"
                x2="50"
                y1="300"
                y2="305"
              />
              <text
                direction="inherit"
                dx="0"
                dy="10.26"
                x="50"
                y="313"
              >
                <tspan
                  dx="0"
                  style="font-family: 'Roboto', 'Helvetica Neue', Helvetica, sans-serif; font-size: 12px; letter-spacing: normal; padding: 8px; fill: #455A64; stroke: transparent; stroke-width: 0;"
                  text-anchor="middle"
                  x="50"
                >
                  01 AM
                </tspan>
              </text>
            </g>
            <g
              role="presentation"
            >
              <line
                role="presentation"
                shape-rendering="auto"
                style="stroke: #ECEFF1; fill: none; stroke-dasharray: 10, 5; stroke-linecap: round; stroke-linejoin: round; pointer-events: painted;"
                vector-effect="non-scaling-stroke"
                x1="300"
                x2="300"
                y1="300"
                y2="50"
              />
              <line
                role="presentation"
                shape-rendering="auto"
                style="stroke: #90A4AE; fill: transparent; size: 5px; stroke-width: 1; stroke-linecap: round; stroke-linejoin: round;"
                vector-effect="non-scaling-stroke"
                x1="300"
                x2="300"
                y1="300"
                y2="305"
              />
              <text
                direction="inherit"
                dx="0"
                dy="10.26"
                x="300"
                y="313"
              >
                <tspan
                  dx="0"
                  style="font-family: 'Roboto', 'Helvetica Neue', Helvetica, sans-serif; font-size: 12px; letter-spacing: normal; padding: 8px; fill: #455A64; stroke: transparent; stroke-width: 0;"
                  text-anchor="middle"
                  x="300"
                >
                  .001
                </tspan>
              </text>
            </g>
          </g>
          <g
            role="presentation"
          >
            <line
              role="presentation"
              shape-rendering="auto"
              style="stroke: #90A4AE; fill: transparent; stroke-width: 2; stroke-linecap: round; stroke-linejoin: round;"
              vector-effect="non-scaling-stroke"
              x1="50"
              x2="50"
              y1="50"
              y2="300"
            />
            <g
              role="presentation"
            >
              <line
                role="presentation"
                shape-rendering="auto"
                style="stroke: #ECEFF1; fill: none; stroke-dasharray: 10, 5; stroke-linecap: round; stroke-linejoin: round; pointer-events: painted;"
                vector-effect="non-scaling-stroke"
                x1="50"
                x2="300"
                y1="250"
                y2="250"
              />
              <line
                role="presentation"
                shape-rendering="auto"
                style="stroke: #90A4AE; fill: transparent; size: 5px; stroke-width: 1; stroke-linecap: round; stroke-linejoin: round;"
                vector-effect="non-scaling-stroke"
                x1="50"
                x2="45"
                y1="250"
                y2="250"
              />
              <text
                direction="inherit"
                dx="0"
                dy="4.26"
                x="37"
                y="250"
              >
                <tspan
                  dx="0"
                  style="font-family: 'Roboto', 'Helvetica Neue', Helvetica, sans-serif; font-size: 12px; letter-spacing: normal; padding: 8px; fill: #455A64; stroke: transparent; stroke-width: 0;"
                  text-anchor="end"
                  x="37"
                >
                  0.2
                </tspan>
              </text>
            </g>
            <g
              role="presentation"
            >
              <line
                role="presentation"
                shape-rendering="auto"
                style="stroke: #ECEFF1; fill: none; stroke-dasharray: 10, 5; stroke-linecap: round; stroke-linejoin: round; pointer-events: painted;"
                vector-effect="non-scaling-stroke"
                x1="50"
                x2="300"
                y1="200"
                y2="200"
              />
              <line
                role="presentation"
                shape-rendering="auto"
                style="stroke: #90A4AE; fill: transparent; size: 5px; stroke-width: 1; stroke-linecap: round; stroke-linejoin: round;"
                vector-effect="non-scaling-stroke"
                x1="50"
                x2="45"
                y1="200"
                y2="200"
              />
              <text
                direction="inherit"
                dx="0"
                dy="4.26"
                x="37"
                y="200"
              >
                <tspan
                  dx="0"
                  style="font-family: 'Roboto', 'Helvetica Neue', Helvetica, sans-serif; font-size: 12px; letter-spacing: normal; padding: 8px; fill: #455A64; stroke: transparent; stroke-width: 0;"
                  text-anchor="end"
                  x="37"
                >
                  0.4
                </tspan>
              </text>
            </g>
            <g
              role="presentation"
            >
              <line
                role="presentation"
                shape-rendering="auto"
                style="stroke: #ECEFF1; fill: none; stroke-dasharray: 10, 5; stroke-linecap: round; stroke-linejoin: round; pointer-events: painted;"
                vector-effect="non-scaling-stroke"
                x1="50"
                x2="300"
                y1="150"
                y2="150"
              />
              <line
                role="presentation"
                shape-rendering="auto"
                style="stroke: #90A4AE; fill: transparent; size: 5px; stroke-width: 1; stroke-linecap: round; stroke-linejoin: round;"
                vector-effect="non-scaling-stroke"
                x1="50"
                x2="45"
                y1="150"
                y2="150"
              />
              <text
                direction="inherit"
                dx="0"
                dy="4.26"
                x="37"
                y="150"
              >
                <tspan
                  dx="0"
                  style="font-family: 'Roboto', 'Helvetica Neue', Helvetica, sans-serif; font-size: 12px; letter-spacing: normal; padding: 8px; fill: #455A64; stroke: transparent; stroke-width: 0;"
                  text-anchor="end"
                  x="37"
                >
                  0.6
                </tspan>
              </text>
            </g>
            <g
              role="presentation"
            >
              <line
                role="presentation"
                shape-rendering="auto"
                style="stroke: #ECEFF1; fill: none; stroke-dasharray: 10, 5; stroke-linecap: round; stroke-linejoin: round; pointer-events: painted;"
                vector-effect="non-scaling-stroke"
                x1="50"
                x2="300"
                y1="100"
                y2="100"
              />
              <line
                role="presentation"
                shape-rendering="auto"
                style="stroke: #90A4AE; fill: transparent; size: 5px; stroke-width: 1; stroke-linecap: round; stroke-linejoin: round;"
                vector-effect="non-scaling-stroke"
                x1="50"
                x2="45"
                y1="100"
                y2="100"
              />
              <text
                direction="inherit"
                dx="0"
                dy="4.26"
                x="37"
                y="100"
              >
                <tspan
                  dx="0"
                  style="font-family: 'Roboto', 'Helvetica Neue', Helvetica, sans-serif; font-size: 12px; letter-spacing: normal; padding: 8px; fill: #455A64; stroke: transparent; stroke-width: 0;"
                  text-anchor="end"
                  x="37"
                >
                  0.8
                </tspan>
              </text>
            </g>
            <g
              role="presentation"
            >
              <line
                role="presentation"
                shape-rendering="auto"
                style="stroke: #ECEFF1; fill: none; stroke-dasharray: 10, 5; stroke-linecap: round; stroke-linejoin: round; pointer-events: painted;"
                vector-effect="non-scaling-stroke"
                x1="50"
                x2="300"
                y1="50"
                y2="50"
              />
              <line
                role="presentation"
                shape-rendering="auto"
                style="stroke: #90A4AE; fill: transparent; size: 5px; stroke-width: 1; stroke-linecap: round; stroke-linejoin: round;"
                vector-effect="non-scaling-stroke"
                x1="50"
                x2="45"
                y1="50"
                y2="50"
              />
              <text
                direction="inherit"
                dx="0"
                dy="4.26"
                x="37"
                y="50"
              >
                <tspan
                  dx="0"
                  style="font-family: 'Roboto', 'Helvetica Neue', Helvetica, sans-serif; font-size: 12px; letter-spacing: normal; padding: 8px; fill: #455A64; stroke: transparent; stroke-width: 0;"
                  text-anchor="end"
                  x="37"
                >
                  1.0
                </tspan>
              </text>
            </g>
          </g>
        </svg>
        <div
          style="z-index: 99; position: absolute; top: 0px; left: 0px; width: 100%; height: 100%;"
        >
          <svg
            height="350"
            style="overflow: visible; width: 100%; height: 100%;"
            viewBox="0 0 350 350"
            width="350"
          />
        </div>
      </div>
    </div>
  </div>
</div>
`;
