// Jest Snapshot v1, https://goo.gl/fbAQLP

exports[`mathes Unison snapshot 1`] = `
<div>
  <div
    id="mapdiv"
  >
    <div
      id="logos"
    >
      <center>
        <img
          alt=""
          id="logoitem"
        />
        <img
          alt=""
          id="logoitem"
        />
      </center>
    </div>
    <div
      class="leaflet-container leaflet-grab leaflet-touch-drag"
      style="position: relative;"
      tabindex="0"
    >
      <div
        class="leaflet-pane leaflet-map-pane"
        style="left: 0px; top: 0px;"
      >
        <div
          class="leaflet-pane leaflet-tile-pane"
        >
          <div
            class="leaflet-layer "
            style="z-index: 1;"
          >
            <div
              class="leaflet-tile-container leaflet-zoom-animated"
              style="left: 0px; top: 0px;"
            >
              <img
                alt=""
                class="leaflet-tile"
                role="presentation"
                src="https://b.tile.osm.org/12/2170/1191.png"
                style="width: 256px; height: 256px; left: -84px; top: -62px;"
              />
            </div>
          </div>
        </div>
        <div
          class="leaflet-pane leaflet-shadow-pane"
        />
        <div
          class="leaflet-pane leaflet-overlay-pane"
        />
        <div
          class="leaflet-pane leaflet-marker-pane"
        />
        <div
          class="leaflet-pane leaflet-tooltip-pane"
        />
        <div
          class="leaflet-pane leaflet-popup-pane"
        />
      </div>
      <div
        class="leaflet-control-container"
      >
        <div
          class="leaflet-top leaflet-left"
        >
          <div
            class="leaflet-control-zoom leaflet-bar leaflet-control"
          >
            <a
              aria-label="Zoom in"
              class="leaflet-control-zoom-in"
              href="#"
              role="button"
              title="Zoom in"
            >
              +
            </a>
            <a
              aria-label="Zoom out"
              class="leaflet-control-zoom-out"
              href="#"
              role="button"
              title="Zoom out"
            >
              −
            </a>
          </div>
        </div>
        <div
          class="leaflet-top leaflet-right"
        />
        <div
          class="leaflet-bottom leaflet-left"
        />
        <div
          class="leaflet-bottom leaflet-right"
        >
          <div
            class="leaflet-control-attribution leaflet-control"
          >
            <a
              href="https://leafletjs.com"
              title="A JS library for interactive maps"
            >
              Leaflet
            </a>
             | © 
            <a
              href="https://osm.org/copyright"
            >
              OpenStreetMap
            </a>
             contributors
          </div>
        </div>
      </div>
      <div
        id="marginclickdiv"
      />
    </div>
    <div
      id="selectdiv"
    >
      <center>
        <div>
          <div
            id="variDD"
          >
            <select
              disabled=""
            >
              <option
                value="Precipitation"
              >
                Precipitation
              </option>
              <option
                value="Humidity"
              >
                Humidity
              </option>
              <option
                value="Wind Direction"
              >
                Wind Direction
              </option>
              <option
                value="Wind Speed"
              >
                Wind Speed
              </option>
              <option
                value="Cloudiness"
              >
                Cloudiness
              </option>
              <option
                value="Cloud Level"
              >
                Cloud Level
              </option>
              <option
                value="Dew Point"
              >
                Dew Point
              </option>
              <option
                value="Pressure"
              >
                Pressure
              </option>
              <option
                value="Temperature"
              >
                Temperature
              </option>
            </select>
          </div>
          <div
            class="marginItem"
          >
            <select
              disabled=""
            >
              <option
                selected=""
                value="Location"
              >
                Location
              </option>
            </select>
          </div>
          <div
            class="pLeft"
          >
            <div>
              <p>
                From date
              </p>
              <div
                class="DayPickerInput"
              >
                <input
                  placeholder="YYYY-M-D"
                  value="24/10/2019"
                />
              </div>
            </div>
          </div>
          <div
            class="pLeft"
          >
            <div>
              <p>
                To date
              </p>
              <div
                class="DayPickerInput"
              >
                <input
                  placeholder="YYYY-M-D"
                  value="25/10/2019"
                />
              </div>
            </div>
          </div>
          <a
            class="pLeft"
            href="/apiacc/csvPrecipitation_1571875200000.csv?location=undefined&fromDate=24/10/2019&toDate=25/10/2019"
          >
            <button
              disabled=""
            >
              CSV
            </button>
          </a>
        </div>
        <div>
          <div
            class="pLeft"
          >
            <div
              id="pLeft"
            >
              <button
                data-testid="lf-button"
              >
                Add Location
              </button>
            </div>
          </div>
        </div>
      </center>
    </div>
  </div>
</div>
`;
